11:14:45 **** Incremental Build of configuration Debug for project 006_spi_nokia5110 ****
make -j12 all 
arm-none-eabi-gcc "../Core/Src/Nokia5110.c" -mcpu=cortex-m4 -std=gnu11 -g3 -DDEBUG -DUSE_HAL_DRIVER -DSTM32F407xx -c -I../Core/Inc -I"C:/Users/stj.yerdem/Desktop/FreeRTOS_Workspace_HALL1/006_spi_nokia5110/Core/Src" -I../Drivers/STM32F4xx_HAL_Driver/Inc -I../Drivers/STM32F4xx_HAL_Driver/Inc/Legacy -I../Drivers/CMSIS/Device/ST/STM32F4xx/Include -I../Drivers/CMSIS/Include -O0 -ffunction-sections -fdata-sections -Wall -fstack-usage -fcyclomatic-complexity -MMD -MP -MF"Core/Src/Nokia5110.d" -MT"Core/Src/Nokia5110.o" --specs=nano.specs -mfpu=fpv4-sp-d16 -mfloat-abi=hard -mthumb -o "Core/Src/Nokia5110.o"
arm-none-eabi-gcc "../Core/Src/main.c" -mcpu=cortex-m4 -std=gnu11 -g3 -DDEBUG -DUSE_HAL_DRIVER -DSTM32F407xx -c -I../Core/Inc -I"C:/Users/stj.yerdem/Desktop/FreeRTOS_Workspace_HALL1/006_spi_nokia5110/Core/Src" -I../Drivers/STM32F4xx_HAL_Driver/Inc -I../Drivers/STM32F4xx_HAL_Driver/Inc/Legacy -I../Drivers/CMSIS/Device/ST/STM32F4xx/Include -I../Drivers/CMSIS/Include -O0 -ffunction-sections -fdata-sections -Wall -fstack-usage -fcyclomatic-complexity -MMD -MP -MF"Core/Src/main.d" -MT"Core/Src/main.o" --specs=nano.specs -mfpu=fpv4-sp-d16 -mfloat-abi=hard -mthumb -o "Core/Src/main.o"
arm-none-eabi-gcc -o "006_spi_nokia5110.elf" @"objects.list"   -mcpu=cortex-m4 -T"C:\Users\stj.yerdem\Desktop\FreeRTOS_Workspace_HALL1\006_spi_nokia5110\STM32F407VGTX_FLASH.ld" --specs=nosys.specs -Wl,-Map="006_spi_nokia5110.map" -Wl,--gc-sections -static --specs=nano.specs -mfpu=fpv4-sp-d16 -mfloat-abi=hard -mthumb -Wl,--start-group -lc -lm -Wl,--end-group
Finished building target: 006_spi_nokia5110.elf
 
arm-none-eabi-size  006_spi_nokia5110.elf 
arm-none-eabi-objdump -h -S 006_spi_nokia5110.elf  > "006_spi_nokia5110.list"
   text	   data	    bss	    dec	    hex	filename
   8236	     12	   1756	  10004	   2714	006_spi_nokia5110.elf
Finished building: default.size.stdout
 
Finished building: 006_spi_nokia5110.list
 

11:14:47 Build Finished. 0 errors, 0 warnings. (took 2s.102ms)

