15:01:55 **** Incremental Build of configuration Debug for project 005_delete_task ****
make -j12 all 
arm-none-eabi-gcc "../Core/Src/main.c" -mcpu=cortex-m4 -std=gnu11 -g3 -DDEBUG -DUSE_HAL_DRIVER -DSTM32F407xx -c -I../Core/Inc -I../Drivers/STM32F4xx_HAL_Driver/Inc -I../Drivers/STM32F4xx_HAL_Driver/Inc/Legacy -I../Drivers/CMSIS/Device/ST/STM32F4xx/Include -I../Drivers/CMSIS/Include -I../Middlewares/Third_Party/FreeRTOS/Source/include -I../Middlewares/Third_Party/FreeRTOS/Source/CMSIS_RTOS -I../Middlewares/Third_Party/FreeRTOS/Source/portable/GCC/ARM_CM4F -O0 -ffunction-sections -fdata-sections -Wall -fstack-usage -fcyclomatic-complexity -MMD -MP -MF"Core/Src/main.d" -MT"Core/Src/main.o" --specs=nano.specs -mfpu=fpv4-sp-d16 -mfloat-abi=hard -mthumb -o "Core/Src/main.o"
arm-none-eabi-gcc -o "005_delete_task.elf" @"objects.list"   -mcpu=cortex-m4 -T"C:\Users\stj.yerdem\Desktop\FreeRTOS_Workspace_HALL1\005_delete_task\STM32F407VGTX_FLASH.ld" --specs=nosys.specs -Wl,-Map="005_delete_task.map" -Wl,--gc-sections -static --specs=nano.specs -mfpu=fpv4-sp-d16 -mfloat-abi=hard -mthumb -Wl,--start-group -lc -lm -Wl,--end-group
Finished building target: 005_delete_task.elf
 
arm-none-eabi-size  005_delete_task.elf 
arm-none-eabi-objdump -h -S 005_delete_task.elf  > "005_delete_task.list"
   text	   data	    bss	    dec	    hex	filename
  11484	     16	  17872	  29372	   72bc	005_delete_task.elf
Finished building: default.size.stdout
 
Finished building: 005_delete_task.list
 
15:02:15 **** Incremental Build of configuration Debug for project 005_delete_task ****
make -j12 all 
arm-none-eabi-size  005_delete_task.elf 
   text	   data	    bss	    dec	    hex	filename
  11484	     16	  17872	  29372	   72bc	005_delete_task.elf
Finished building: default.size.stdout
 
