00:33:44 **** Build of configuration Debug for project 001_UART_PRINTF ****
make -j8 all 
arm-none-eabi-gcc "../Core/Src/main.c" -mcpu=cortex-m4 -std=gnu11 -g3 -DDEBUG -DUSE_HAL_DRIVER -DSTM32F407xx -c -I../Core/Inc -I../Drivers/STM32F4xx_HAL_Driver/Inc -I../Drivers/STM32F4xx_HAL_Driver/Inc/Legacy -I../Drivers/CMSIS/Device/ST/STM32F4xx/Include -I../Drivers/CMSIS/Include -I../Middlewares/Third_Party/FreeRTOS/Source/include -I../Middlewares/Third_Party/FreeRTOS/Source/CMSIS_RTOS -I../Middlewares/Third_Party/FreeRTOS/Source/portable/GCC/ARM_CM4F -O0 -ffunction-sections -fdata-sections -Wall -fstack-usage -fcyclomatic-complexity -MMD -MP -MF"Core/Src/main.d" -MT"Core/Src/main.o" --specs=nano.specs -mfpu=fpv4-sp-d16 -mfloat-abi=hard -mthumb -o "Core/Src/main.o"
arm-none-eabi-gcc -o "001_UART_PRINTF.elf" @"objects.list"   -mcpu=cortex-m4 -T"C:\Users\LENOVO\Desktop\FreeRTOS_Workspace\001_UART_PRINTF\STM32F407VGTX_FLASH.ld" --specs=nosys.specs -Wl,-Map="001_UART_PRINTF.map" -Wl,--gc-sections -static --specs=nano.specs -mfpu=fpv4-sp-d16 -mfloat-abi=hard -mthumb -Wl,--start-group -lc -lm -Wl,--end-group
Finished building target: 001_UART_PRINTF.elf
 
arm-none-eabi-size  001_UART_PRINTF.elf 
arm-none-eabi-objdump -h -S 001_UART_PRINTF.elf  > "001_UART_PRINTF.list"
   text	   data	    bss	    dec	    hex	filename
  18060	    108	  18428	  36596	   8ef4	001_UART_PRINTF.elf
Finished building: default.size.stdout
 
Finished building: 001_UART_PRINTF.list
 
